[    1.805002] wspr5 kernel: rp1 0002:01:00.0: bar0 len 0x4000, start 0x1f00410000, end 0x1f00413fff, flags, 0x40200
[    1.805144] wspr5 kernel: rp1 0002:01:00.0: bar1 len 0x400000, start 0x1f00000000, end 0x1f003fffff, flags, 0x40200
[    1.807945] wspr5 kernel: rp1 0002:01:00.0: enabling device (0000 -> 0002)
[    1.808530] wspr5 kernel: rp1 0002:01:00.0: chip_id 0x20001927
[    2.132341] wspr5 kernel: rp1-firmware rp1_firmware: RP1 Firmware version 23fca1cd776798b50bd3e640ecb242215778e7f8
[    2.136045] wspr5 kernel: rp1-pio 1f00178000.pio: Created instance as pio0
[  156.808038] wspr5 kernel: rp1_route_controller: loading out-of-tree module taints kernel.
[  179.204645] wspr5 kernel: OF: overlay: WARNING: memory leak will occur if overlay removed, property: /__symbols__/rp1_gpclk_gpio4_safe
[  179.204748] wspr5 kernel: OF: overlay: WARNING: memory leak will occur if overlay removed, property: /__symbols__/rp1_gpclk_gpio4_active
[  179.204768] wspr5 kernel: OF: overlay: WARNING: memory leak will occur if overlay removed, property: /__symbols__/rp1_gpclk_dkms_gpio4
[  179.224242] wspr5 kernel: rp1-gpclk-dkms 1f00174024.rp1-gpclk-dkms-gpio4: probe complete; /dev/rp1-gpclk registered
[  179.224640] wspr5 kernel: rp1-gpclk-dkms 1f00174024.rp1-gpclk-dkms-gpio4: using kernel-created RP1 GPCLK platform device
[  237.640708] wspr5 kernel: OF: overlay: WARNING: memory leak will occur if overlay removed, property: /__symbols__/rp1_gpclk_gpio20_safe
[  237.640812] wspr5 kernel: OF: overlay: WARNING: memory leak will occur if overlay removed, property: /__symbols__/rp1_gpclk_gpio20_active
[  237.640832] wspr5 kernel: OF: overlay: WARNING: memory leak will occur if overlay removed, property: /__symbols__/rp1_gpclk_dkms_gpio20
[  237.657624] wspr5 kernel: rp1-gpclk-dkms 1f00174024.rp1-gpclk-dkms-gpio20: probe complete; /dev/rp1-gpclk registered
[  237.657950] wspr5 kernel: rp1-gpclk-dkms 1f00174024.rp1-gpclk-dkms-gpio20: using kernel-created RP1 GPCLK platform device
[  256.765762] wspr5 kernel: OF: overlay: WARNING: memory leak will occur if overlay removed, property: /__symbols__/rp1_gpclk_gpio4_safe
[  256.765821] wspr5 kernel: OF: overlay: WARNING: memory leak will occur if overlay removed, property: /__symbols__/rp1_gpclk_gpio4_active
[  256.765862] wspr5 kernel: OF: overlay: WARNING: memory leak will occur if overlay removed, property: /__symbols__/rp1_gpclk_dkms_gpio4
[  256.782891] wspr5 kernel: rp1-gpclk-dkms 1f00174024.rp1-gpclk-dkms-gpio4: probe complete; /dev/rp1-gpclk registered
[  256.783251] wspr5 kernel: rp1-gpclk-dkms 1f00174024.rp1-gpclk-dkms-gpio4: using kernel-created RP1 GPCLK platform device
