./tests/run-offline-checks.sh
development workflow checks passed
SPDX policy: PASS
test inventory: PASS (38 registered, 1 parameterized utility, 10 host C tests, 1 target C client, 1 target C++ client)
UAPI identity: PASS
1.0.1 normative contract freeze: PASS
1.1.0 ABI v2 normative contract freeze: PASS
ABI v2 TONE static safety contract: PASS
Independent GPIO4/GPIO20 development boundary: PASS
installed-module identity verifier contract: PASS
manifest schema: PASS
clock-disabled source boundary: PASS
deterministic PLL_SYS parent contract: PASS
Endpoint bootstrap contract: PASS
build and DKMS configuration: PASS
route injection and interface freeze: PASS
Debian DKMS packaging contract: PASS
overlay administration contract: PASS
permissions and enrollment: PASS
compatibility and update policy: PASS
signing contracts: PASS
diagnostics contracts: PASS
Qualification Harness integration contract: PASS
lifecycle and removal policy: PASS
representative-system matrix: PASS
calibrated-review release policy: PASS
DKMS kernel scope: PASS
artifact-scoped invalidation policy: PASS
Release candidate builder and target-plan contract: PASS
Release candidate owned route transaction: PASS
Installed route manager hardware-free contract: PASS
.....................
----------------------------------------------------------------------
Ran 21 tests in 0.739s

OK
..........
----------------------------------------------------------------------
Ran 10 tests in 0.210s

OK
.real controller ioctl/interlock fault-injection: PASS
.................
----------------------------------------------------------------------
Ran 18 tests in 1.553s

OK
................
----------------------------------------------------------------------
Ran 16 tests in 0.010s

OK
.....
----------------------------------------------------------------------
Ran 5 tests in 0.001s

OK
source-development route manager lifecycle: PASS
Release candidate validator: PASS (strict primitives and negative cases)
documentation links: PASS
shellcheck: PASS
uapi contract: PASS
UAPI probe compile: PASS
busy-state injector: PASS
lifecycle core: PASS (22 groups)
resource policy: PASS (routes, derivation, unwind, dead lifetime)
compatibility identity: PASS (independent GPIO4/GPIO20 development candidates)
execution policy: PASS (divider envelope, pacing, packing)
clock parent setup and restoration: PASS
execution machine: PASS
DMA segment alignment and byte conservation: PASS
whitespace: PASS
